[0.011s] Invoking command in '/home/samir/Samir/Projects_Others/ros2_ws/ros2_foxy_tutorial_ws/dev_ws/build/cpp_pubsub': /usr/bin/cmake /home/samir/Samir/Projects_Others/ros2_ws/ros2_foxy_tutorial_ws/dev_ws/src/cpp_pubsub -DCMAKE_INSTALL_PREFIX=/home/samir/Samir/Projects_Others/ros2_ws/ros2_foxy_tutorial_ws/dev_ws/install/cpp_pubsub
[0.103s] -- The C compiler identification is GNU 9.3.0
[0.172s] -- The CXX compiler identification is GNU 9.3.0
[0.178s] -- Check for working C compiler: /usr/bin/cc
[0.234s] -- Check for working C compiler: /usr/bin/cc -- works
[0.235s] -- Detecting C compiler ABI info
[0.294s] -- Detecting C compiler ABI info - done
[0.309s] -- Detecting C compile features
[0.309s] -- Detecting C compile features - done
[0.311s] -- Check for working CXX compiler: /usr/bin/c++
[0.376s] -- Check for working CXX compiler: /usr/bin/c++ -- works
[0.377s] -- Detecting CXX compiler ABI info
[0.449s] -- Detecting CXX compiler ABI info - done
[0.463s] -- Detecting CXX compile features
[0.463s] -- Detecting CXX compile features - done
[0.467s] -- Found ament_cmake: 0.9.8 (/opt/ros/foxy/share/ament_cmake/cmake)
[0.489s] -- Found PythonInterp: /usr/bin/python3 (found suitable version "3.8.10", minimum required is "3") 
[0.489s] -- Using PYTHON_EXECUTABLE: /usr/bin/python3
[0.642s] -- Found rclcpp: 2.3.1 (/opt/ros/foxy/share/rclcpp/cmake)
[0.681s] -- Using all available rosidl_typesupport_c: rosidl_typesupport_fastrtps_c;rosidl_typesupport_introspection_c
[0.687s] -- Found rosidl_adapter: 1.2.1 (/opt/ros/foxy/share/rosidl_adapter/cmake)
[0.760s] -- Found OpenSSL: /usr/lib/x86_64-linux-gnu/libcrypto.so (found version "1.1.1f")  
[0.784s] -- Found FastRTPS: /opt/ros/foxy/include  
[0.851s] -- Using all available rosidl_typesupport_cpp: rosidl_typesupport_fastrtps_cpp;rosidl_typesupport_introspection_cpp
[0.897s] -- Found rmw_implementation_cmake: 1.0.3 (/opt/ros/foxy/share/rmw_implementation_cmake/cmake)
[0.898s] -- Using RMW implementation 'rmw_fastrtps_cpp' as default
[0.899s] -- Looking for pthread.h
[0.962s] -- Looking for pthread.h - found
[0.962s] -- Performing Test CMAKE_HAVE_LIBC_PTHREAD
[1.023s] -- Performing Test CMAKE_HAVE_LIBC_PTHREAD - Failed
[1.024s] -- Looking for pthread_create in pthreads
[1.067s] -- Looking for pthread_create in pthreads - not found
[1.067s] -- Looking for pthread_create in pthread
[1.123s] -- Looking for pthread_create in pthread - found
[1.124s] -- Found Threads: TRUE  
[1.275s] Error parsing '/home/samir/Samir/Projects_Others/ros2_ws/ros2_foxy_tutorial_ws/dev_ws/src/cpp_pubsub/package.xml':
[1.348s] Traceback (most recent call last):
[1.349s]   File "/usr/lib/python3/dist-packages/catkin_pkg/package.py", line 596, in parse_package_string
[1.349s]     root = dom.parseString(data)
[1.349s]   File "/usr/lib/python3.8/xml/dom/minidom.py", line 1969, in parseString
[1.349s]     return expatbuilder.parseString(string)
[1.349s]   File "/usr/lib/python3.8/xml/dom/expatbuilder.py", line 925, in parseString
[1.349s]     return builder.parseString(string)
[1.349s]   File "/usr/lib/python3.8/xml/dom/expatbuilder.py", line 223, in parseString
[1.349s]     parser.Parse(string, True)
[1.349s] xml.parsers.expat.ExpatError: mismatched tag: line 13, column 20
[1.349s] 
[1.350s] During handling of the above exception, another exception occurred:
[1.350s] 
[1.350s] Traceback (most recent call last):
[1.350s]   File "/opt/ros/foxy/share/ament_cmake_core/cmake/core/package_xml_2_cmake.py", line 143, in <module>
[1.350s]     main()
[1.350s]   File "/opt/ros/foxy/share/ament_cmake_core/cmake/core/package_xml_2_cmake.py", line 52, in main
[1.350s]     raise e
[1.350s]   File "/opt/ros/foxy/share/ament_cmake_core/cmake/core/package_xml_2_cmake.py", line 48, in main
[1.350s]     package = parse_package_string(
[1.350s]   File "/usr/lib/python3/dist-packages/catkin_pkg/package.py", line 598, in parse_package_string
[1.350s]     raise InvalidPackage('The manifest contains invalid XML:\n%s' % ex, filename)
[1.350s] catkin_pkg.package.InvalidPackage: Error(s) in package '/home/samir/Samir/Projects_Others/ros2_ws/ros2_foxy_tutorial_ws/dev_ws/src/cpp_pubsub/package.xml':
[1.350s] The manifest contains invalid XML:
[1.351s] mismatched tag: line 13, column 20
[1.360s] CMake Error at /opt/ros/foxy/share/ament_cmake_core/cmake/core/ament_package_xml.cmake:94 (message):
[1.360s]   execute_process(/usr/bin/python3
[1.361s]   /opt/ros/foxy/share/ament_cmake_core/cmake/core/package_xml_2_cmake.py
[1.361s]   /home/samir/Samir/Projects_Others/ros2_ws/ros2_foxy_tutorial_ws/dev_ws/src/cpp_pubsub/package.xml
[1.361s]   /home/samir/Samir/Projects_Others/ros2_ws/ros2_foxy_tutorial_ws/dev_ws/build/cpp_pubsub/ament_cmake_core/package.cmake)
[1.361s]   returned error code 1
[1.361s] Call Stack (most recent call first):
[1.361s]   /opt/ros/foxy/share/ament_cmake_core/cmake/core/ament_package_xml.cmake:49 (_ament_package_xml)
[1.361s]   /opt/ros/foxy/share/ament_cmake_core/cmake/core/ament_package.cmake:63 (ament_package_xml)
[1.361s]   CMakeLists.txt:25 (ament_package)
[1.361s] 
[1.361s] 
[1.362s] -- Configuring incomplete, errors occurred!
[1.362s] See also "/home/samir/Samir/Projects_Others/ros2_ws/ros2_foxy_tutorial_ws/dev_ws/build/cpp_pubsub/CMakeFiles/CMakeOutput.log".
[1.362s] See also "/home/samir/Samir/Projects_Others/ros2_ws/ros2_foxy_tutorial_ws/dev_ws/build/cpp_pubsub/CMakeFiles/CMakeError.log".
[1.369s] Invoked command in '/home/samir/Samir/Projects_Others/ros2_ws/ros2_foxy_tutorial_ws/dev_ws/build/cpp_pubsub' returned '1': /usr/bin/cmake /home/samir/Samir/Projects_Others/ros2_ws/ros2_foxy_tutorial_ws/dev_ws/src/cpp_pubsub -DCMAKE_INSTALL_PREFIX=/home/samir/Samir/Projects_Others/ros2_ws/ros2_foxy_tutorial_ws/dev_ws/install/cpp_pubsub
