[0.000000] (-) TimerEvent: {}
[0.000368] (-) JobUnselected: {'identifier': 'my_package_cmake'}
[0.000845] (-) JobUnselected: {'identifier': 'my_package_python'}
[0.000891] (-) JobUnselected: {'identifier': 'turtlesim'}
[0.000939] (cpp_pubsub) JobQueued: {'identifier': 'cpp_pubsub', 'dependencies': OrderedDict()}
[0.001008] (cpp_pubsub) JobStarted: {'identifier': 'cpp_pubsub'}
[0.009689] (cpp_pubsub) JobProgress: {'identifier': 'cpp_pubsub', 'progress': 'cmake'}
[0.009884] (cpp_pubsub) Command: {'cmd': ['/usr/bin/cmake', '/home/samir/Samir/Projects_Others/ros2_ws/ros2_foxy_tutorial_ws/dev_ws/src/cpp_pubsub', '-DCMAKE_INSTALL_PREFIX=/home/samir/Samir/Projects_Others/ros2_ws/ros2_foxy_tutorial_ws/dev_ws/install/cpp_pubsub'], 'cwd': '/home/samir/Samir/Projects_Others/ros2_ws/ros2_foxy_tutorial_ws/dev_ws/build/cpp_pubsub', 'env': OrderedDict([('GJS_DEBUG_TOPICS', 'JS ERROR;JS LOG'), ('LESSOPEN', '| /usr/bin/lesspipe %s'), ('USER', 'samir'), ('LC_TIME', 'de_DE.UTF-8'), ('SSH_AGENT_PID', '1443'), ('XDG_SESSION_TYPE', 'x11'), ('GIT_ASKPASS', '/snap/code/70/usr/share/code/resources/app/extensions/git/dist/askpass.sh'), ('SHLVL', '1'), ('LD_LIBRARY_PATH', '/opt/ros/foxy/opt/yaml_cpp_vendor/lib:/opt/ros/foxy/opt/rviz_ogre_vendor/lib:/opt/ros/foxy/lib/x86_64-linux-gnu:/opt/ros/foxy/lib'), ('HOME', '/home/samir'), ('CHROME_DESKTOP', 'code-url-handler.desktop'), ('CONDA_SHLVL', '0'), ('OLDPWD', '/home/samir/Samir/Projects_Others/ros2_ws/ros2_foxy_tutorial_ws/dev_ws/src'), ('TERM_PROGRAM_VERSION', '1.58.2'), ('DESKTOP_SESSION', 'ubuntu'), ('GIO_LAUNCHED_DESKTOP_FILE', '/var/lib/snapd/desktop/applications/code_code.desktop'), ('APPLICATION_INSIGHTS_NO_DIAGNOSTIC_CHANNEL', 'true'), ('ROS_PYTHON_VERSION', '3'), ('GNOME_SHELL_SESSION_MODE', 'ubuntu'), ('GTK_MODULES', 'gail:atk-bridge'), ('VSCODE_GIT_ASKPASS_MAIN', '/snap/code/70/usr/share/code/resources/app/extensions/git/dist/askpass-main.js'), ('LC_MONETARY', 'de_DE.UTF-8'), ('VSCODE_GIT_ASKPASS_NODE', '/snap/code/70/usr/share/code/code'), ('MANAGERPID', '1131'), ('DBUS_SESSION_BUS_ADDRESS', 'unix:path=/run/user/1000/bus'), ('COLORTERM', 'truecolor'), ('_CE_M', ''), ('GIO_LAUNCHED_DESKTOP_FILE_PID', '10190'), ('_colcon_cd_root', '/home/samir/ros2_install'), ('IM_CONFIG_PHASE', '1'), ('ROS_DISTRO', 'foxy'), ('LOGNAME', 'samir'), ('JOURNAL_STREAM', '8:53733'), ('_', '/usr/bin/colcon'), ('ROS_VERSION', '2'), ('XDG_SESSION_CLASS', 'user'), ('USERNAME', 'samir'), ('TERM', 'xterm-256color'), ('GNOME_DESKTOP_SESSION_ID', 'this-is-deprecated'), ('_CE_CONDA', ''), ('ROS_LOCALHOST_ONLY', '0'), ('WINDOWPATH', '2'), ('PATH', '/home/samir/.local/bin:/opt/ros/foxy/bin:/home/samir/anaconda3/condabin:/home/samir/.local/bin:/usr/local/sbin:/usr/local/bin:/usr/sbin:/usr/bin:/sbin:/bin:/usr/games:/usr/local/games:/snap/bin'), ('SESSION_MANAGER', 'local/samirLnxPC:@/tmp/.ICE-unix/1484,unix/samirLnxPC:/tmp/.ICE-unix/1484'), ('INVOCATION_ID', 'ae55ec03c9af48a6b1f2984d3443a87d'), ('XDG_MENU_PREFIX', 'gnome-'), ('LC_ADDRESS', 'de_DE.UTF-8'), ('BAMF_DESKTOP_FILE_HINT', '/var/lib/snapd/desktop/applications/code_code.desktop'), ('XDG_RUNTIME_DIR', '/run/user/1000'), ('GDK_BACKEND', 'x11'), ('DISPLAY', ':0'), ('LANG', 'en_US.UTF-8'), ('XDG_CURRENT_DESKTOP', 'Unity'), ('LC_TELEPHONE', 'de_DE.UTF-8'), ('XMODIFIERS', '@im=ibus'), ('XDG_SESSION_DESKTOP', 'ubuntu'), ('XAUTHORITY', '/run/user/1000/gdm/Xauthority'), ('LS_COLORS', 'rs=0:di=01;34:ln=01;36:mh=00:pi=40;33:so=01;35:do=01;35:bd=40;33;01:cd=40;33;01:or=40;31;01:mi=00:su=37;41:sg=30;43:ca=30;41:tw=30;42:ow=34;42:st=37;44:ex=01;32:*.tar=01;31:*.tgz=01;31:*.arc=01;31:*.arj=01;31:*.taz=01;31:*.lha=01;31:*.lz4=01;31:*.lzh=01;31:*.lzma=01;31:*.tlz=01;31:*.txz=01;31:*.tzo=01;31:*.t7z=01;31:*.zip=01;31:*.z=01;31:*.dz=01;31:*.gz=01;31:*.lrz=01;31:*.lz=01;31:*.lzo=01;31:*.xz=01;31:*.zst=01;31:*.tzst=01;31:*.bz2=01;31:*.bz=01;31:*.tbz=01;31:*.tbz2=01;31:*.tz=01;31:*.deb=01;31:*.rpm=01;31:*.jar=01;31:*.war=01;31:*.ear=01;31:*.sar=01;31:*.rar=01;31:*.alz=01;31:*.ace=01;31:*.zoo=01;31:*.cpio=01;31:*.7z=01;31:*.rz=01;31:*.cab=01;31:*.wim=01;31:*.swm=01;31:*.dwm=01;31:*.esd=01;31:*.jpg=01;35:*.jpeg=01;35:*.mjpg=01;35:*.mjpeg=01;35:*.gif=01;35:*.bmp=01;35:*.pbm=01;35:*.pgm=01;35:*.ppm=01;35:*.tga=01;35:*.xbm=01;35:*.xpm=01;35:*.tif=01;35:*.tiff=01;35:*.png=01;35:*.svg=01;35:*.svgz=01;35:*.mng=01;35:*.pcx=01;35:*.mov=01;35:*.mpg=01;35:*.mpeg=01;35:*.m2v=01;35:*.mkv=01;35:*.webm=01;35:*.ogm=01;35:*.mp4=01;35:*.m4v=01;35:*.mp4v=01;35:*.vob=01;35:*.qt=01;35:*.nuv=01;35:*.wmv=01;35:*.asf=01;35:*.rm=01;35:*.rmvb=01;35:*.flc=01;35:*.avi=01;35:*.fli=01;35:*.flv=01;35:*.gl=01;35:*.dl=01;35:*.xcf=01;35:*.xwd=01;35:*.yuv=01;35:*.cgm=01;35:*.emf=01;35:*.ogv=01;35:*.ogx=01;35:*.aac=00;36:*.au=00;36:*.flac=00;36:*.m4a=00;36:*.mid=00;36:*.midi=00;36:*.mka=00;36:*.mp3=00;36:*.mpc=00;36:*.ogg=00;36:*.ra=00;36:*.wav=00;36:*.oga=00;36:*.opus=00;36:*.spx=00;36:*.xspf=00;36:'), ('VSCODE_GIT_IPC_HANDLE', '/run/user/1000/vscode-git-fa9b95172c.sock'), ('TERM_PROGRAM', 'vscode'), ('SSH_AUTH_SOCK', '/run/user/1000/keyring/ssh'), ('GSETTINGS_SCHEMA_DIR', '/snap/code/70/usr/share/glib-2.0/schemas'), ('AMENT_PREFIX_PATH', '/opt/ros/foxy'), ('CONDA_PYTHON_EXE', '/home/samir/anaconda3/bin/python'), ('ORIGINAL_XDG_CURRENT_DESKTOP', 'ubuntu:GNOME'), ('SHELL', '/bin/bash'), ('LC_NAME', 'de_DE.UTF-8'), ('DISABLE_WAYLAND', '1'), ('QT_ACCESSIBILITY', '1'), ('GDMSESSION', 'ubuntu'), ('LESSCLOSE', '/usr/bin/lesspipe %s %s'), ('LC_MEASUREMENT', 'de_DE.UTF-8'), ('GPG_AGENT_INFO', '/run/user/1000/gnupg/S.gpg-agent:0:1'), ('GJS_DEBUG_OUTPUT', 'stderr'), ('LC_IDENTIFICATION', 'de_DE.UTF-8'), ('QT_IM_MODULE', 'ibus'), ('PWD', '/home/samir/Samir/Projects_Others/ros2_ws/ros2_foxy_tutorial_ws/dev_ws/build/cpp_pubsub'), ('LC_ALL', 'en_US.UTF-8'), ('XDG_CONFIG_DIRS', '/etc/xdg/xdg-ubuntu:/etc/xdg'), ('CONDA_EXE', '/home/samir/anaconda3/bin/conda'), ('XDG_DATA_DIRS', '/usr/share/ubuntu:/usr/local/share/:/usr/share/:/var/lib/snapd/desktop'), ('PYTHONPATH', '/opt/ros/foxy/lib/python3.8/site-packages'), ('LC_NUMERIC', 'de_DE.UTF-8'), ('BREAKPAD_DUMP_LOCATION', '/home/samir/.config/Code/exthost Crash Reports'), ('LC_PAPER', 'de_DE.UTF-8'), ('COLCON', '1')]), 'shell': False}
[0.099661] (-) TimerEvent: {}
[0.103917] (cpp_pubsub) StdoutLine: {'line': b'-- The C compiler identification is GNU 9.3.0\n'}
[0.173333] (cpp_pubsub) StdoutLine: {'line': b'-- The CXX compiler identification is GNU 9.3.0\n'}
[0.178708] (cpp_pubsub) StdoutLine: {'line': b'-- Check for working C compiler: /usr/bin/cc\n'}
[0.199750] (-) TimerEvent: {}
[0.234539] (cpp_pubsub) StdoutLine: {'line': b'-- Check for working C compiler: /usr/bin/cc -- works\n'}
[0.236134] (cpp_pubsub) StdoutLine: {'line': b'-- Detecting C compiler ABI info\n'}
[0.294935] (cpp_pubsub) StdoutLine: {'line': b'-- Detecting C compiler ABI info - done\n'}
[0.299807] (-) TimerEvent: {}
[0.309540] (cpp_pubsub) StdoutLine: {'line': b'-- Detecting C compile features\n'}
[0.309824] (cpp_pubsub) StdoutLine: {'line': b'-- Detecting C compile features - done\n'}
[0.311898] (cpp_pubsub) StdoutLine: {'line': b'-- Check for working CXX compiler: /usr/bin/c++\n'}
[0.376784] (cpp_pubsub) StdoutLine: {'line': b'-- Check for working CXX compiler: /usr/bin/c++ -- works\n'}
[0.378476] (cpp_pubsub) StdoutLine: {'line': b'-- Detecting CXX compiler ABI info\n'}
[0.399877] (-) TimerEvent: {}
[0.449527] (cpp_pubsub) StdoutLine: {'line': b'-- Detecting CXX compiler ABI info - done\n'}
[0.463623] (cpp_pubsub) StdoutLine: {'line': b'-- Detecting CXX compile features\n'}
[0.464013] (cpp_pubsub) StdoutLine: {'line': b'-- Detecting CXX compile features - done\n'}
[0.467830] (cpp_pubsub) StdoutLine: {'line': b'-- Found ament_cmake: 0.9.8 (/opt/ros/foxy/share/ament_cmake/cmake)\n'}
[0.489939] (cpp_pubsub) StdoutLine: {'line': b'-- Found PythonInterp: /usr/bin/python3 (found suitable version "3.8.10", minimum required is "3") \n'}
[0.490050] (cpp_pubsub) StdoutLine: {'line': b'-- Using PYTHON_EXECUTABLE: /usr/bin/python3\n'}
[0.499936] (-) TimerEvent: {}
[0.600069] (-) TimerEvent: {}
[0.643366] (cpp_pubsub) StdoutLine: {'line': b'-- Found rclcpp: 2.3.1 (/opt/ros/foxy/share/rclcpp/cmake)\n'}
[0.681912] (cpp_pubsub) StdoutLine: {'line': b'-- Using all available rosidl_typesupport_c: rosidl_typesupport_fastrtps_c;rosidl_typesupport_introspection_c\n'}
[0.687592] (cpp_pubsub) StdoutLine: {'line': b'-- Found rosidl_adapter: 1.2.1 (/opt/ros/foxy/share/rosidl_adapter/cmake)\n'}
[0.700140] (-) TimerEvent: {}
[0.760979] (cpp_pubsub) StdoutLine: {'line': b'-- Found OpenSSL: /usr/lib/x86_64-linux-gnu/libcrypto.so (found version "1.1.1f")  \n'}
[0.785341] (cpp_pubsub) StdoutLine: {'line': b'-- Found FastRTPS: /opt/ros/foxy/include  \n'}
[0.800210] (-) TimerEvent: {}
[0.852149] (cpp_pubsub) StdoutLine: {'line': b'-- Using all available rosidl_typesupport_cpp: rosidl_typesupport_fastrtps_cpp;rosidl_typesupport_introspection_cpp\n'}
[0.897773] (cpp_pubsub) StdoutLine: {'line': b'-- Found rmw_implementation_cmake: 1.0.3 (/opt/ros/foxy/share/rmw_implementation_cmake/cmake)\n'}
[0.899219] (cpp_pubsub) StdoutLine: {'line': b"-- Using RMW implementation 'rmw_fastrtps_cpp' as default\n"}
[0.900273] (cpp_pubsub) StdoutLine: {'line': b'-- Looking for pthread.h\n'}
[0.900369] (-) TimerEvent: {}
[0.962763] (cpp_pubsub) StdoutLine: {'line': b'-- Looking for pthread.h - found\n'}
[0.963057] (cpp_pubsub) StdoutLine: {'line': b'-- Performing Test CMAKE_HAVE_LIBC_PTHREAD\n'}
[1.000444] (-) TimerEvent: {}
[1.024226] (cpp_pubsub) StdoutLine: {'line': b'-- Performing Test CMAKE_HAVE_LIBC_PTHREAD - Failed\n'}
[1.024530] (cpp_pubsub) StdoutLine: {'line': b'-- Looking for pthread_create in pthreads\n'}
[1.067459] (cpp_pubsub) StdoutLine: {'line': b'-- Looking for pthread_create in pthreads - not found\n'}
[1.067649] (cpp_pubsub) StdoutLine: {'line': b'-- Looking for pthread_create in pthread\n'}
[1.100525] (-) TimerEvent: {}
[1.124240] (cpp_pubsub) StdoutLine: {'line': b'-- Looking for pthread_create in pthread - found\n'}
[1.125040] (cpp_pubsub) StdoutLine: {'line': b'-- Found Threads: TRUE  \n'}
[1.200603] (-) TimerEvent: {}
[1.276346] (cpp_pubsub) StderrLine: {'line': b"Error parsing '/home/samir/Samir/Projects_Others/ros2_ws/ros2_foxy_tutorial_ws/dev_ws/src/cpp_pubsub/package.xml':\n"}
[1.300715] (-) TimerEvent: {}
[1.349349] (cpp_pubsub) StderrLine: {'line': b'Traceback (most recent call last):\n'}
[1.349576] (cpp_pubsub) StderrLine: {'line': b'  File "/usr/lib/python3/dist-packages/catkin_pkg/package.py", line 596, in parse_package_string\n'}
[1.349685] (cpp_pubsub) StderrLine: {'line': b'    root = dom.parseString(data)\n'}
[1.349786] (cpp_pubsub) StderrLine: {'line': b'  File "/usr/lib/python3.8/xml/dom/minidom.py", line 1969, in parseString\n'}
[1.349913] (cpp_pubsub) StderrLine: {'line': b'    return expatbuilder.parseString(string)\n'}
[1.350012] (cpp_pubsub) StderrLine: {'line': b'  File "/usr/lib/python3.8/xml/dom/expatbuilder.py", line 925, in parseString\n'}
[1.350105] (cpp_pubsub) StderrLine: {'line': b'    return builder.parseString(string)\n'}
[1.350198] (cpp_pubsub) StderrLine: {'line': b'  File "/usr/lib/python3.8/xml/dom/expatbuilder.py", line 223, in parseString\n'}
[1.350291] (cpp_pubsub) StderrLine: {'line': b'    parser.Parse(string, True)\n'}
[1.350375] (cpp_pubsub) StderrLine: {'line': b'xml.parsers.expat.ExpatError: mismatched tag: line 13, column 20\n'}
[1.350447] (cpp_pubsub) StderrLine: {'line': b'\n'}
[1.350519] (cpp_pubsub) StderrLine: {'line': b'During handling of the above exception, another exception occurred:\n'}
[1.350591] (cpp_pubsub) StderrLine: {'line': b'\n'}
[1.350663] (cpp_pubsub) StderrLine: {'line': b'Traceback (most recent call last):\n'}
[1.350735] (cpp_pubsub) StderrLine: {'line': b'  File "/opt/ros/foxy/share/ament_cmake_core/cmake/core/package_xml_2_cmake.py", line 143, in <module>\n'}
[1.350807] (cpp_pubsub) StderrLine: {'line': b'    main()\n'}
[1.350878] (cpp_pubsub) StderrLine: {'line': b'  File "/opt/ros/foxy/share/ament_cmake_core/cmake/core/package_xml_2_cmake.py", line 52, in main\n'}
[1.350948] (cpp_pubsub) StderrLine: {'line': b'    raise e\n'}
[1.351018] (cpp_pubsub) StderrLine: {'line': b'  File "/opt/ros/foxy/share/ament_cmake_core/cmake/core/package_xml_2_cmake.py", line 48, in main\n'}
[1.351089] (cpp_pubsub) StderrLine: {'line': b'    package = parse_package_string(\n'}
[1.351171] (cpp_pubsub) StderrLine: {'line': b'  File "/usr/lib/python3/dist-packages/catkin_pkg/package.py", line 598, in parse_package_string\n'}
[1.351242] (cpp_pubsub) StderrLine: {'line': b"    raise InvalidPackage('The manifest contains invalid XML:\\n%s' % ex, filename)\n"}
[1.351315] (cpp_pubsub) StderrLine: {'line': b"catkin_pkg.package.InvalidPackage: Error(s) in package '/home/samir/Samir/Projects_Others/ros2_ws/ros2_foxy_tutorial_ws/dev_ws/src/cpp_pubsub/package.xml':\n"}
[1.351402] (cpp_pubsub) StderrLine: {'line': b'The manifest contains invalid XML:\n'}
[1.351473] (cpp_pubsub) StderrLine: {'line': b'mismatched tag: line 13, column 20\n'}
[1.361092] (cpp_pubsub) StderrLine: {'line': b'CMake Error at /opt/ros/foxy/share/ament_cmake_core/cmake/core/ament_package_xml.cmake:94 (message):\n'}
[1.361322] (cpp_pubsub) StderrLine: {'line': b'  execute_process(/usr/bin/python3\n'}
[1.361442] (cpp_pubsub) StderrLine: {'line': b'  /opt/ros/foxy/share/ament_cmake_core/cmake/core/package_xml_2_cmake.py\n'}
[1.361556] (cpp_pubsub) StderrLine: {'line': b'  /home/samir/Samir/Projects_Others/ros2_ws/ros2_foxy_tutorial_ws/dev_ws/src/cpp_pubsub/package.xml\n'}
[1.361664] (cpp_pubsub) StderrLine: {'line': b'  /home/samir/Samir/Projects_Others/ros2_ws/ros2_foxy_tutorial_ws/dev_ws/build/cpp_pubsub/ament_cmake_core/package.cmake)\n'}
[1.361771] (cpp_pubsub) StderrLine: {'line': b'  returned error code 1\n'}
[1.361884] (cpp_pubsub) StderrLine: {'line': b'Call Stack (most recent call first):\n'}
[1.361993] (cpp_pubsub) StderrLine: {'line': b'  /opt/ros/foxy/share/ament_cmake_core/cmake/core/ament_package_xml.cmake:49 (_ament_package_xml)\n'}
[1.362100] (cpp_pubsub) StderrLine: {'line': b'  /opt/ros/foxy/share/ament_cmake_core/cmake/core/ament_package.cmake:63 (ament_package_xml)\n'}
[1.362204] (cpp_pubsub) StderrLine: {'line': b'  CMakeLists.txt:25 (ament_package)\n'}
[1.362309] (cpp_pubsub) StderrLine: {'line': b'\n'}
[1.362420] (cpp_pubsub) StderrLine: {'line': b'\n'}
[1.363075] (cpp_pubsub) StdoutLine: {'line': b'-- Configuring incomplete, errors occurred!\n'}
[1.363210] (cpp_pubsub) StdoutLine: {'line': b'See also "/home/samir/Samir/Projects_Others/ros2_ws/ros2_foxy_tutorial_ws/dev_ws/build/cpp_pubsub/CMakeFiles/CMakeOutput.log".\n'}
[1.363321] (cpp_pubsub) StdoutLine: {'line': b'See also "/home/samir/Samir/Projects_Others/ros2_ws/ros2_foxy_tutorial_ws/dev_ws/build/cpp_pubsub/CMakeFiles/CMakeError.log".\n'}
[1.369976] (cpp_pubsub) CommandEnded: {'returncode': 1}
[1.370704] (cpp_pubsub) JobEnded: {'identifier': 'cpp_pubsub', 'rc': 1}
[1.381161] (-) EventReactorShutdown: {}
