[0.010s] Invoking command in '/home/samir/Samir/Projects_Others/ros2_ws/ros2_foxy_tutorial_ws/dev_ws/build/cpp_pubsub': /usr/bin/cmake /home/samir/Samir/Projects_Others/ros2_ws/ros2_foxy_tutorial_ws/dev_ws/src/cpp_pubsub -DCMAKE_INSTALL_PREFIX=/home/samir/Samir/Projects_Others/ros2_ws/ros2_foxy_tutorial_ws/dev_ws/install/cpp_pubsub
[0.024s] -- Found ament_cmake: 0.9.8 (/opt/ros/foxy/share/ament_cmake/cmake)
[0.044s] -- Using PYTHON_EXECUTABLE: /usr/bin/python3
[0.179s] -- Found rclcpp: 2.3.1 (/opt/ros/foxy/share/rclcpp/cmake)
[0.204s] -- Using all available rosidl_typesupport_c: rosidl_typesupport_fastrtps_c;rosidl_typesupport_introspection_c
[0.206s] -- Found rosidl_adapter: 1.2.1 (/opt/ros/foxy/share/rosidl_adapter/cmake)
[0.313s] -- Using all available rosidl_typesupport_cpp: rosidl_typesupport_fastrtps_cpp;rosidl_typesupport_introspection_cpp
[0.348s] -- Found rmw_implementation_cmake: 1.0.3 (/opt/ros/foxy/share/rmw_implementation_cmake/cmake)
[0.349s] -- Using RMW implementation 'rmw_fastrtps_cpp' as default
[0.460s] -- Found ament_lint_auto: 0.9.6 (/opt/ros/foxy/share/ament_lint_auto/cmake)
[0.494s] Error parsing '/home/samir/Samir/Projects_Others/ros2_ws/ros2_foxy_tutorial_ws/dev_ws/src/cpp_pubsub/package.xml':
[0.566s] Traceback (most recent call last):
[0.566s]   File "/usr/lib/python3/dist-packages/catkin_pkg/package.py", line 596, in parse_package_string
[0.567s]     root = dom.parseString(data)
[0.567s]   File "/usr/lib/python3.8/xml/dom/minidom.py", line 1969, in parseString
[0.567s]     return expatbuilder.parseString(string)
[0.567s]   File "/usr/lib/python3.8/xml/dom/expatbuilder.py", line 925, in parseString
[0.567s]     return builder.parseString(string)
[0.567s]   File "/usr/lib/python3.8/xml/dom/expatbuilder.py", line 223, in parseString
[0.567s]     parser.Parse(string, True)
[0.567s] xml.parsers.expat.ExpatError: mismatched tag: line 13, column 20
[0.567s] 
[0.567s] During handling of the above exception, another exception occurred:
[0.567s] 
[0.567s] Traceback (most recent call last):
[0.568s]   File "/opt/ros/foxy/share/ament_cmake_core/cmake/core/package_xml_2_cmake.py", line 143, in <module>
[0.568s]     main()
[0.568s]   File "/opt/ros/foxy/share/ament_cmake_core/cmake/core/package_xml_2_cmake.py", line 52, in main
[0.568s]     raise e
[0.568s]   File "/opt/ros/foxy/share/ament_cmake_core/cmake/core/package_xml_2_cmake.py", line 48, in main
[0.568s]     package = parse_package_string(
[0.568s]   File "/usr/lib/python3/dist-packages/catkin_pkg/package.py", line 598, in parse_package_string
[0.568s]     raise InvalidPackage('The manifest contains invalid XML:\n%s' % ex, filename)
[0.568s] catkin_pkg.package.InvalidPackage: Error(s) in package '/home/samir/Samir/Projects_Others/ros2_ws/ros2_foxy_tutorial_ws/dev_ws/src/cpp_pubsub/package.xml':
[0.568s] The manifest contains invalid XML:
[0.568s] mismatched tag: line 13, column 20
[0.579s] CMake Error at /opt/ros/foxy/share/ament_cmake_core/cmake/core/ament_package_xml.cmake:94 (message):
[0.580s]   execute_process(/usr/bin/python3
[0.580s]   /opt/ros/foxy/share/ament_cmake_core/cmake/core/package_xml_2_cmake.py
[0.580s]   /home/samir/Samir/Projects_Others/ros2_ws/ros2_foxy_tutorial_ws/dev_ws/src/cpp_pubsub/package.xml
[0.580s]   /home/samir/Samir/Projects_Others/ros2_ws/ros2_foxy_tutorial_ws/dev_ws/build/cpp_pubsub/ament_cmake_core/package.cmake)
[0.580s]   returned error code 1
[0.580s] Call Stack (most recent call first):
[0.580s]   /opt/ros/foxy/share/ament_cmake_core/cmake/core/ament_package_xml.cmake:49 (_ament_package_xml)
[0.580s]   /opt/ros/foxy/share/ament_lint_auto/cmake/ament_lint_auto_find_test_dependencies.cmake:31 (ament_package_xml)
[0.580s]   CMakeLists.txt:43 (ament_lint_auto_find_test_dependencies)
[0.580s] 
[0.580s] 
[0.581s] -- Configuring incomplete, errors occurred!
[0.581s] See also "/home/samir/Samir/Projects_Others/ros2_ws/ros2_foxy_tutorial_ws/dev_ws/build/cpp_pubsub/CMakeFiles/CMakeOutput.log".
[0.581s] See also "/home/samir/Samir/Projects_Others/ros2_ws/ros2_foxy_tutorial_ws/dev_ws/build/cpp_pubsub/CMakeFiles/CMakeError.log".
[0.588s] Invoked command in '/home/samir/Samir/Projects_Others/ros2_ws/ros2_foxy_tutorial_ws/dev_ws/build/cpp_pubsub' returned '1': /usr/bin/cmake /home/samir/Samir/Projects_Others/ros2_ws/ros2_foxy_tutorial_ws/dev_ws/src/cpp_pubsub -DCMAKE_INSTALL_PREFIX=/home/samir/Samir/Projects_Others/ros2_ws/ros2_foxy_tutorial_ws/dev_ws/install/cpp_pubsub
