[0.018s] Invoking command in '/home/samir/Samir/Projects_Others/ros2_ws/ros2_foxy_tutorial_ws/dev_ws/build/cpp_pubsub': /usr/bin/cmake --build /home/samir/Samir/Projects_Others/ros2_ws/ros2_foxy_tutorial_ws/dev_ws/build/cpp_pubsub -- -j24 -l24
[0.035s] -- Found ament_cmake: 0.9.8 (/opt/ros/foxy/share/ament_cmake/cmake)
[0.053s] -- Using PYTHON_EXECUTABLE: /usr/bin/python3
[0.187s] -- Found rclcpp: 2.3.1 (/opt/ros/foxy/share/rclcpp/cmake)
[0.211s] -- Using all available rosidl_typesupport_c: rosidl_typesupport_fastrtps_c;rosidl_typesupport_introspection_c
[0.214s] -- Found rosidl_adapter: 1.2.1 (/opt/ros/foxy/share/rosidl_adapter/cmake)
[0.320s] -- Using all available rosidl_typesupport_cpp: rosidl_typesupport_fastrtps_cpp;rosidl_typesupport_introspection_cpp
[0.357s] -- Found rmw_implementation_cmake: 1.0.3 (/opt/ros/foxy/share/rmw_implementation_cmake/cmake)
[0.358s] -- Using RMW implementation 'rmw_fastrtps_cpp' as default
[0.468s] -- Found ament_lint_auto: 0.9.6 (/opt/ros/foxy/share/ament_lint_auto/cmake)
[0.503s] Error parsing '/home/samir/Samir/Projects_Others/ros2_ws/ros2_foxy_tutorial_ws/dev_ws/src/cpp_pubsub/package.xml':
[0.575s] Traceback (most recent call last):
[0.576s]   File "/usr/lib/python3/dist-packages/catkin_pkg/package.py", line 596, in parse_package_string
[0.576s]     root = dom.parseString(data)
[0.576s]   File "/usr/lib/python3.8/xml/dom/minidom.py", line 1969, in parseString
[0.576s]     return expatbuilder.parseString(string)
[0.576s]   File "/usr/lib/python3.8/xml/dom/expatbuilder.py", line 925, in parseString
[0.576s]     return builder.parseString(string)
[0.576s]   File "/usr/lib/python3.8/xml/dom/expatbuilder.py", line 223, in parseString
[0.576s]     parser.Parse(string, True)
[0.576s] xml.parsers.expat.ExpatError: mismatched tag: line 13, column 20
[0.576s] 
[0.576s] During handling of the above exception, another exception occurred:
[0.577s] 
[0.577s] Traceback (most recent call last):
[0.577s]   File "/opt/ros/foxy/share/ament_cmake_core/cmake/core/package_xml_2_cmake.py", line 143, in <module>
[0.577s]     main()
[0.577s]   File "/opt/ros/foxy/share/ament_cmake_core/cmake/core/package_xml_2_cmake.py", line 52, in main
[0.577s]     raise e
[0.577s]   File "/opt/ros/foxy/share/ament_cmake_core/cmake/core/package_xml_2_cmake.py", line 48, in main
[0.577s]     package = parse_package_string(
[0.577s]   File "/usr/lib/python3/dist-packages/catkin_pkg/package.py", line 598, in parse_package_string
[0.577s]     raise InvalidPackage('The manifest contains invalid XML:\n%s' % ex, filename)
[0.577s] catkin_pkg.package.InvalidPackage: Error(s) in package '/home/samir/Samir/Projects_Others/ros2_ws/ros2_foxy_tutorial_ws/dev_ws/src/cpp_pubsub/package.xml':
[0.578s] The manifest contains invalid XML:
[0.578s] mismatched tag: line 13, column 20
[0.587s] CMake Error at /opt/ros/foxy/share/ament_cmake_core/cmake/core/ament_package_xml.cmake:94 (message):
[0.587s]   execute_process(/usr/bin/python3
[0.587s]   /opt/ros/foxy/share/ament_cmake_core/cmake/core/package_xml_2_cmake.py
[0.587s]   /home/samir/Samir/Projects_Others/ros2_ws/ros2_foxy_tutorial_ws/dev_ws/src/cpp_pubsub/package.xml
[0.587s]   /home/samir/Samir/Projects_Others/ros2_ws/ros2_foxy_tutorial_ws/dev_ws/build/cpp_pubsub/ament_cmake_core/package.cmake)
[0.588s]   returned error code 1
[0.588s] Call Stack (most recent call first):
[0.588s]   /opt/ros/foxy/share/ament_cmake_core/cmake/core/ament_package_xml.cmake:49 (_ament_package_xml)
[0.588s]   /opt/ros/foxy/share/ament_cmake_core/cmake/core/ament_package.cmake:63 (ament_package_xml)
[0.588s]   CMakeLists.txt:46 (ament_package)
[0.588s] 
[0.588s] 
[0.589s] -- Configuring incomplete, errors occurred!
[0.589s] See also "/home/samir/Samir/Projects_Others/ros2_ws/ros2_foxy_tutorial_ws/dev_ws/build/cpp_pubsub/CMakeFiles/CMakeOutput.log".
[0.589s] See also "/home/samir/Samir/Projects_Others/ros2_ws/ros2_foxy_tutorial_ws/dev_ws/build/cpp_pubsub/CMakeFiles/CMakeError.log".
[0.595s] make: *** [Makefile:310: cmake_check_build_system] Error 1
[0.597s] Invoked command in '/home/samir/Samir/Projects_Others/ros2_ws/ros2_foxy_tutorial_ws/dev_ws/build/cpp_pubsub' returned '2': /usr/bin/cmake --build /home/samir/Samir/Projects_Others/ros2_ws/ros2_foxy_tutorial_ws/dev_ws/build/cpp_pubsub -- -j24 -l24
